
> chronicle-bureau-prototype@0.1.0 check:local
> npm run content:validate:assets && npm test && npm run lint && npm run typecheck:app


> chronicle-bureau-prototype@0.1.0 content:validate:assets
> node scripts/prepare-focused-quests.mjs && node scripts/validate-content.mjs --require-local-assets

逐题学习图：442 个；34章儿童入口与连续故事同步。
内容校验通过：7 个课程板块，共 103 章。
其中：中国史 67 章，世界史 30 章，跨学科 6 章。
已有详稿 103 章，事实研究完成 103 章，最终审核通过 0 章。
事实卡 2684 条，儿童屏幕 657 屏，语音稿 729 段，互动 339 个。
低龄兴趣入口 103 章，均含实物入口与地点连接。
儿童口语词典 80 词，103章均已匹配难词解释。
配音读音表 167 项、年代读法 7 条，103章均有编辑校听入口。
来源登记 1001 条，素材登记 947 条，其中已清权本地素材 944 条。
本机研究素材缓存 942/942 个文件，已执行严格路径检查。

> chronicle-bureau-prototype@0.1.0 test
> npm run build && node --experimental-strip-types --test tests/*.test.mjs


> chronicle-bureau-prototype@0.1.0 build
> npm run content:pack && WRANGLER_LOG_PATH=.wrangler/wrangler.log vinext build


> chronicle-bureau-prototype@0.1.0 content:pack
> node scripts/prepare-focused-quests.mjs && node scripts/validate-content.mjs && node scripts/build-content-pack.mjs && node scripts/generate-content-thumbnails.mjs && node scripts/audit-gameplay-coherence.mjs

逐题学习图：442 个；34章儿童入口与连续故事同步。
内容校验通过：7 个课程板块，共 103 章。
其中：中国史 67 章，世界史 30 章，跨学科 6 章。
已有详稿 103 章，事实研究完成 103 章，最终审核通过 0 章。
事实卡 2684 条，儿童屏幕 657 屏，语音稿 729 段，互动 339 个。
低龄兴趣入口 103 章，均含实物入口与地点连接。
儿童口语词典 80 词，103章均已匹配难词解释。
配音读音表 167 项、年代读法 7 条，103章均有编辑校听入口。
来源登记 1001 条，素材登记 947 条，其中已清权本地素材 944 条。
本机研究素材缓存 942/942 个文件；发布包构建不强制携带原始研究缓存。
内容包生成完成：7 个板块，103 章。
章节缩略图生成完成：103 张；步骤图片 260 张。
node:internal/modules/run_main:107
    triggerUncaughtException(
    ^

AssertionError [ERR_ASSERTION]: Long voice quest-6c041ee52297e3e6
    at checkVoice (file:///Users/chiang/Documents/Projects/history/scripts/audit-gameplay-coherence.mjs:12:100)
    at Array.forEach (<anonymous>)
    at file:///Users/chiang/Documents/Projects/history/scripts/audit-gameplay-coherence.mjs:45:29
    at ModuleJob.run (node:internal/modules/esm/module_job:439:25)
    at async node:internal/modules/esm/loader:643:26
    at async asyncRunEntryPointWithESMLoader (node:internal/modules/run_main:101:5) {
  generatedMessage: false,
  code: 'ERR_ASSERTION',
  actual: false,
  expected: true,
  operator: '==',
  diff: 'simple'
}

Node.js v24.18.0
