
> chronicle-bureau-prototype@0.1.0 check:local
> npm run content:validate:assets && npm test && npm run lint && npm run typecheck:app


> chronicle-bureau-prototype@0.1.0 content:validate:assets
> node scripts/prepare-focused-quests.mjs && node scripts/validate-content.mjs --require-local-assets

逐题学习图：446 个；34章儿童入口与连续故事同步。
内容校验通过：7 个课程板块，共 103 章。
其中：中国史 67 章，世界史 30 章，跨学科 6 章。
已有详稿 103 章，事实研究完成 103 章，最终审核通过 0 章。
事实卡 2684 条，儿童屏幕 657 屏，语音稿 729 段，互动 339 个。
低龄兴趣入口 103 章，均含实物入口与地点连接。
儿童口语词典 80 词，103章均已匹配难词解释。
配音读音表 167 项、年代读法 7 条，103章均有编辑校听入口。
来源登记 1001 条，素材登记 951 条，其中已清权本地素材 948 条。
本机研究素材缓存 946/946 个文件，已执行严格路径检查。

> chronicle-bureau-prototype@0.1.0 test
> npm run build && node --experimental-strip-types --test tests/*.test.mjs


> chronicle-bureau-prototype@0.1.0 build
> npm run content:pack && WRANGLER_LOG_PATH=.wrangler/wrangler.log vinext build


> chronicle-bureau-prototype@0.1.0 content:pack
> node scripts/prepare-focused-quests.mjs && node scripts/validate-content.mjs && node scripts/build-content-pack.mjs && node scripts/generate-content-thumbnails.mjs && node scripts/audit-gameplay-coherence.mjs

逐题学习图：446 个；34章儿童入口与连续故事同步。
内容校验通过：7 个课程板块，共 103 章。
其中：中国史 67 章，世界史 30 章，跨学科 6 章。
已有详稿 103 章，事实研究完成 103 章，最终审核通过 0 章。
事实卡 2684 条，儿童屏幕 657 屏，语音稿 729 段，互动 339 个。
低龄兴趣入口 103 章，均含实物入口与地点连接。
儿童口语词典 80 词，103章均已匹配难词解释。
配音读音表 167 项、年代读法 7 条，103章均有编辑校听入口。
来源登记 1001 条，素材登记 951 条，其中已清权本地素材 948 条。
本机研究素材缓存 946/946 个文件；发布包构建不强制携带原始研究缓存。
内容包生成完成：7 个板块，103 章。
章节缩略图生成完成：103 张；步骤图片 260 张。
结构审计：完整库103章/515步；本轮34章/170步，286张选项图、17个阅读步骤、19个图中提问、68条结束动作。真实儿童审核仍待进行。

  vinext build  (Vite 8.0.13)

[1/5] analyze client references...
[2Ktransforming...✓ 132 modules transformed.
rendering chunks...
✓ built in 358ms
[2/5] analyze server references...
[2Ktransforming...✓ 115 modules transformed.
rendering chunks...
✓ built in 80ms
[3/5] build rsc environment...
[2Ktransforming...✓ 138 modules transformed.
rendering chunks...
computing gzip size...
✓ built in 265ms
[4/5] build client environment...
[2Ktransforming...✓ 123 modules transformed.
rendering chunks...
computing gzip size...
[plugin builtin:vite-reporter] 
(!) Some chunks are larger than 500 kB after minification. Consider:
- Using dynamic import() to code-split the application
- Use build.rolldownOptions.output.codeSplitting to improve chunking: https://rolldown.rs/reference/OutputOptions.codeSplitting
- Adjust chunk size limit for this warning via build.chunkSizeWarningLimit.
✓ built in 1.92s
[5/5] build ssr environment...
[2Ktransforming...✓ 121 modules transformed.
rendering chunks...
computing gzip size...
✓ built in 168ms
[0m
  Route (app)
  ─ ? /

  ? Unknown

  ? Some routes could not be classified. vinext currently uses static analysis
    and cannot detect dynamic API usage (headers(), cookies(), etc.) at build time.
    Automatic classification will be improved in a future release.

  Build complete. Run `vinext start` to start the production server.

✔ circle refinement holds its radius while increasing vertices and reducing the gap (1.082042ms)
✔ five new chapters keep real evidence, distinctive history and the shared five steps (2.937959ms)
✔ album paging keeps each real photo with its own era, narration and sources (3.802416ms)
✔ the pack rejects an album with missing era or unregistered photo instead of falling back (0.641959ms)
✔ a scene cannot describe a project illustration as an artifact photograph (2.444709ms)
✔ pause and resume retain position and continue the remaining narration queue (1.602625ms)
✔ a new answer or navigation cancels old callbacks and every queued clip (0.26375ms)
✔ a stale play rejection after a quick pause/resume cannot stop resumed audio (0.278292ms)
✔ media errors and autoplay blocks end the queue with a recoverable state (0.400583ms)
✔ a loading clip can remain paused until the user resumes it (0.354708ms)
✔ local progress restores valid steps and preserves legacy completion badges (0.240875ms)
✔ all quiz choices are stable and audible while scene questions retain their own structure (2.546625ms)
✔ a focused UI keeps completed records for chapters currently hidden (0.345875ms)
✔ renders only the Qin–Qing local playtest scope (54.202625ms)
✔ keeps the complete source library and emits a separate focused UI bundle (48.765041ms)
✔ focused steps retain authored prompts, appropriate interaction structures and concrete endings (8.718417ms)
✔ ships a complete local narration pack (275.305792ms)
✔ keeps narrated image inspection and step badges available in active tasks (0.517084ms)
✔ packages every navigation and step badge used by the child pages (0.968167ms)
✔ keeps existing narration files when synthesis fails (2165.1025ms)
✔ ships two local voice audition profiles before the full narration run (0.520833ms)
✔ every reading page narrates its full story and can advance in one click (0.842042ms)
✔ one-click story continuation does not bypass an unanswered quiz or operation (0.2035ms)
✔ Sui transport links its purpose, dated evidence, distinct work and labour costs (4.544542ms)
✔ Kaiyuan uses a real two-sided coin and distinguishes the money name from the later era (2.777375ms)
✔ the measuring phrase gets its chosen tones without changing the noun 度量衡 (3.027334ms)
✔ pointer displacement maps proportionally to the ruler model (0.312458ms)
✔ the Qin measurement task keeps its real artifact and ruler workbench (4.020875ms)
✔ the Qin story has departure, discovery and reunion without dropping the artifact (3.923834ms)
✔ the Great Wall task connects wall-joining, finding guards and choosing a lookout plan (3.639084ms)
✔ Han travel and paper chapters connect their own historical evidence and actions (2.654125ms)
✔ Han minting joins a dated policy, real evidence and distinct tool decisions (2.310458ms)
ℹ tests 32
ℹ suites 0
ℹ pass 32
ℹ fail 0
ℹ cancelled 0
ℹ skipped 0
ℹ todo 0
ℹ duration_ms 2598.673083

> chronicle-bureau-prototype@0.1.0 lint
> eslint . --ignore-pattern dist --ignore-pattern .next


> chronicle-bureau-prototype@0.1.0 typecheck:app
> tsc --noEmit -p tsconfig.app.json

