
> chronicle-bureau-prototype@0.1.0 content:pack
> node scripts/prepare-focused-quests.mjs && node scripts/validate-content.mjs && node scripts/build-content-pack.mjs && node scripts/generate-content-thumbnails.mjs && node scripts/audit-gameplay-coherence.mjs

逐题学习图：411 个；34章儿童入口与连续故事同步。
内容校验通过：7 个课程板块，共 103 章。
其中：中国史 67 章，世界史 30 章，跨学科 6 章。
已有详稿 103 章，事实研究完成 103 章，最终审核通过 0 章。
事实卡 2684 条，儿童屏幕 657 屏，语音稿 729 段，互动 339 个。
低龄兴趣入口 103 章，均含实物入口与地点连接。
儿童口语词典 80 词，103章均已匹配难词解释。
配音读音表 177 项、年代读法 7 条，103章均有编辑校听入口。
来源登记 1009 条，素材登记 933 条，其中已清权本地素材 930 条。
本机研究素材缓存 928/928 个文件；发布包构建不强制携带原始研究缓存。
file:///Users/chiang/Documents/Projects/history/scripts/build-content-pack.mjs:709
    if (![...beat.text].length || [...beat.text].length > (focusedById.has(entry.id) ? 64 : 48)) throw new Error(`${entry.id} 第${index + 1}拍文字超过64字`);
                                                                                                       ^

Error: cn-ancient-06-05-tang-decline 第1拍文字超过64字
    at file:///Users/chiang/Documents/Projects/history/scripts/build-content-pack.mjs:709:104
    at ModuleJob.run (node:internal/modules/esm/module_job:439:25)
    at process.processTicksAndRejections (node:internal/process/task_queues:104:5)
    at async node:internal/modules/esm/loader:643:26
    at async asyncRunEntryPointWithESMLoader (node:internal/modules/run_main:101:5)

Node.js v24.18.0
