
> chronicle-bureau-prototype@0.1.0 check:local
> npm run content:validate:assets && npm test && npm run lint && npm run typecheck:app


> chronicle-bureau-prototype@0.1.0 content:validate:assets
> node scripts/prepare-focused-quests.mjs && node scripts/validate-content.mjs --require-local-assets

逐题学习图：289 个；34章儿童入口与连续故事同步。
内容校验通过：7 个课程板块，共 103 章。
其中：中国史 67 章，世界史 30 章，跨学科 6 章。
已有详稿 103 章，研究标记verified 103 章（不等于逐条终审），最终审核通过 0 章。
事实卡 2610 条，另列学习方法 74 项；编辑屏幕 657 屏，语音稿 729 段，互动 339 个。
低龄兴趣入口 103 章，均含实物入口与地点连接。
儿童口语词典 95 词，103章均已匹配难词解释。
配音读音表 189 项、年代读法 7 条，103章均有编辑校听入口。
来源登记 1030 条，素材登记 841 条，其中已清权本地素材 838 条。
本机研究素材缓存 836/836 个文件，已执行严格路径检查。

> chronicle-bureau-prototype@0.1.0 test
> npm run build && node --experimental-strip-types --test tests/*.test.mjs


> chronicle-bureau-prototype@0.1.0 build
> npm run content:pack && WRANGLER_LOG_PATH=.wrangler/wrangler.log vinext build


> chronicle-bureau-prototype@0.1.0 content:pack
> node scripts/prepare-focused-quests.mjs && node scripts/validate-content.mjs && node scripts/build-content-pack.mjs && node scripts/generate-content-thumbnails.mjs && node scripts/audit-gameplay-coherence.mjs

逐题学习图：289 个；34章儿童入口与连续故事同步。
内容校验通过：7 个课程板块，共 103 章。
其中：中国史 67 章，世界史 30 章，跨学科 6 章。
已有详稿 103 章，研究标记verified 103 章（不等于逐条终审），最终审核通过 0 章。
事实卡 2610 条，另列学习方法 74 项；编辑屏幕 657 屏，语音稿 729 段，互动 339 个。
低龄兴趣入口 103 章，均含实物入口与地点连接。
儿童口语词典 95 词，103章均已匹配难词解释。
配音读音表 189 项、年代读法 7 条，103章均有编辑校听入口。
来源登记 1030 条，素材登记 841 条，其中已清权本地素材 838 条。
本机研究素材缓存 836/836 个文件；发布包构建不强制携带原始研究缓存。
内容包生成完成：7 个板块，103 章。
章节缩略图生成完成：103 张；步骤图片 297 张。
结构审计：完整库103章/515步；本轮34章/170步，150张选项图、60个阅读步骤、55个图中提问、68条结束动作。真实儿童审核仍待进行。

  vinext build  (Vite 8.0.13)

[1/5] analyze client references...
[2Ktransforming...✓ 132 modules transformed.
rendering chunks...
✓ built in 324ms
[2/5] analyze server references...
[2Ktransforming...✓ 120 modules transformed.
rendering chunks...
✓ built in 86ms
[3/5] build rsc environment...
[2Ktransforming...✓ 138 modules transformed.
rendering chunks...
computing gzip size...
✓ built in 258ms
[4/5] build client environment...
[2Ktransforming...✓ 128 modules transformed.
rendering chunks...
computing gzip size...
[plugin builtin:vite-reporter] 
(!) Some chunks are larger than 500 kB after minification. Consider:
- Using dynamic import() to code-split the application
- Use build.rolldownOptions.output.codeSplitting to improve chunking: https://rolldown.rs/reference/OutputOptions.codeSplitting
- Adjust chunk size limit for this warning via build.chunkSizeWarningLimit.
✓ built in 1.84s
[5/5] build ssr environment...
[2Ktransforming...✓ 126 modules transformed.
rendering chunks...
computing gzip size...
✓ built in 163ms
[0m
  Route (app)
  ─ ? /

  ? Unknown

  ? Some routes could not be classified. vinext currently uses static analysis
    and cannot detect dynamic API usage (headers(), cookies(), etc.) at build time.
    Automatic classification will be improved in a future release.

  Build complete. Run `vinext start` to start the production server.

✔ movable type changes only the middle block and completes after printing (0.8235ms)
✔ turning the teaching boat preserves the needle direction (0.135833ms)
✔ time windows replace the appropriate polities and keep Western Xia in both (0.269666ms)
✔ history labs introduce the full setup before the first action (0.066792ms)
✔ steam teaching linkage keeps the rod length while motion changes direction (0.103333ms)
✔ roof ornament seats over the fixing position and reaches the roof (0.060167ms)
✔ animated engine samples preserve the physical linkage at intermediate angles (0.102458ms)
✔ circle refinement holds its radius while increasing vertices and reducing the gap (1.011875ms)
✔ five new chapters keep real evidence, distinctive history and the shared five steps (3.840041ms)
✔ learning coverage refuses missing, duplicate and self-linked chapters (0.90575ms)
✔ parent review uses current evidence, curated words and matching choice artwork (15.956583ms)
✔ decision scenes provide the necessary prior state in the voice children actually hear (1.056459ms)
✔ station introductions preserve overlaps and separate the Qing preview boundary from its end (29.84925ms)
✔ parent and child share the distinction between answer cards and operation checkpoints (0.218083ms)
✔ project worksheet rules remain available but are not counted as historical facts (29.236375ms)
✔ active material explanations keep production notes out of the parent reading layer (12.20175ms)
✔ album paging keeps each real photo with its own era, narration and sources (4.431708ms)
✔ the pack rejects an album with missing era or unregistered photo instead of falling back (0.728208ms)
✔ a scene cannot describe a project illustration as an artifact photograph (2.552166ms)
✔ artifact detail keeps the original photo and rejects a crop outside it (1.590375ms)
✔ pause and resume retain position and continue the remaining narration queue (1.870833ms)
✔ a new answer or navigation cancels old callbacks and every queued clip (0.445ms)
✔ a stale play rejection after a quick pause/resume cannot stop resumed audio (0.369542ms)
✔ media errors and autoplay blocks end the queue with a recoverable state (0.413792ms)
✔ a loading clip can remain paused until the user resumes it (0.325542ms)
✔ local progress restores valid steps and preserves legacy completion badges (0.205834ms)
✔ all quiz choices are stable and audible while scene questions retain their own structure (2.924209ms)
✔ a focused UI keeps completed records for chapters currently hidden (0.379667ms)
✔ renders only the Qin–Qing local playtest scope (61.989416ms)
✔ keeps the complete source library and emits a separate focused UI bundle (57.494833ms)
✔ focused steps retain authored prompts, appropriate interaction structures and concrete endings (10.177041ms)
✔ ships a complete local narration pack (294.144292ms)
✔ keeps narrated image inspection and step badges available in active tasks (0.542334ms)
✔ packages every navigation and step badge used by the child pages (1.044334ms)
✔ keeps existing narration files when synthesis fails (2161.212209ms)
✔ ships two local voice audition profiles before the full narration run (0.996083ms)
✔ every reading page narrates its full story and can advance in one click (0.699833ms)
✔ one-click story continuation does not bypass an unanswered quiz or operation (0.189167ms)
✔ Sui transport links its purpose, dated evidence, distinct work and labour costs (5.19675ms)
✔ Kaiyuan uses a real two-sided coin and distinguishes the money name from the later era (4.053584ms)
✔ Zhenguan connects a later book witness to governance, listening and real work (3.802042ms)
✔ Tang music uses one museum object and ties observation to cultural contact (5.923083ms)
✔ Xuanzang has distinct dates, translation roles and a later novel (3.588584ms)
✔ Yan separates original writing traces from an attributed Qing addition (4.913334ms)
✔ Li Bai keeps whole-poem listening and a later painting distinct from the poet (3.755125ms)
✔ four Tang chapters retain the shared story and local material/voice contract (13.86025ms)
✔ the measuring phrase gets its chosen tones without changing the noun 度量衡 (2.841209ms)
✔ pointer displacement maps proportionally to the ruler model (0.408167ms)
✔ the Qin measurement task keeps its real artifact and ruler workbench (5.304541ms)
✔ the Qin story has departure, discovery and reunion without dropping the artifact (4.85375ms)
✔ the Great Wall task connects wall-joining, finding guards and choosing a lookout plan (5.363833ms)
✔ Han travel and paper chapters connect their own historical evidence and actions (3.800625ms)
✔ Han minting joins a dated policy, real evidence and distinct tool decisions (3.194667ms)
ℹ tests 53
ℹ suites 0
ℹ pass 53
ℹ fail 0
ℹ cancelled 0
ℹ skipped 0
ℹ todo 0
ℹ duration_ms 2638.726916

> chronicle-bureau-prototype@0.1.0 lint
> eslint . --ignore-pattern dist --ignore-pattern .next


> chronicle-bureau-prototype@0.1.0 typecheck:app
> tsc --noEmit -p tsconfig.app.json

