
> chronicle-bureau-prototype@0.1.0 check:local
> npm run content:validate:assets && npm test && npm run lint && npm run typecheck:app


> chronicle-bureau-prototype@0.1.0 content:validate:assets
> node scripts/prepare-focused-quests.mjs && node scripts/validate-content.mjs --require-local-assets

逐题学习图：505 个；34章儿童入口与连续故事同步。
内容校验通过：7 个课程板块，共 103 章。
其中：中国史 67 章，世界史 30 章，跨学科 6 章。
已有详稿 103 章，事实研究完成 103 章，最终审核通过 0 章。
事实卡 2684 条，儿童屏幕 657 屏，语音稿 729 段，互动 339 个。
低龄兴趣入口 103 章，均含实物入口与地点连接。
儿童口语词典 80 词，103章均已匹配难词解释。
配音读音表 154 项、年代读法 7 条，103章均有编辑校听入口。
来源登记 978 条，素材登记 971 条，其中已清权本地素材 969 条。
本机研究素材缓存 966/966 个文件，已执行严格路径检查。

> chronicle-bureau-prototype@0.1.0 test
> npm run build && node --experimental-strip-types --test tests/*.test.mjs


> chronicle-bureau-prototype@0.1.0 build
> npm run content:pack && WRANGLER_LOG_PATH=.wrangler/wrangler.log vinext build


> chronicle-bureau-prototype@0.1.0 content:pack
> node scripts/prepare-focused-quests.mjs && node scripts/validate-content.mjs && node scripts/build-content-pack.mjs && node scripts/generate-content-thumbnails.mjs && node scripts/audit-gameplay-coherence.mjs

逐题学习图：505 个；34章儿童入口与连续故事同步。
内容校验通过：7 个课程板块，共 103 章。
其中：中国史 67 章，世界史 30 章，跨学科 6 章。
已有详稿 103 章，事实研究完成 103 章，最终审核通过 0 章。
事实卡 2684 条，儿童屏幕 657 屏，语音稿 729 段，互动 339 个。
低龄兴趣入口 103 章，均含实物入口与地点连接。
儿童口语词典 80 词，103章均已匹配难词解释。
配音读音表 154 项、年代读法 7 条，103章均有编辑校听入口。
来源登记 978 条，素材登记 971 条，其中已清权本地素材 969 条。
本机研究素材缓存 966/966 个文件；发布包构建不强制携带原始研究缓存。
内容包生成完成：7 个板块，103 章。
章节缩略图生成完成：103 张；步骤图片 229 张。
结构审计：完整库103章/515步；本轮34章/170步，340张选项图、68条结束动作。真实儿童审核仍待进行。

  vinext build  (Vite 8.0.13)

[1/5] analyze client references...
[2Ktransforming...✓ 132 modules transformed.
rendering chunks...
✓ built in 419ms
[2/5] analyze server references...
[2Ktransforming...✓ 107 modules transformed.
rendering chunks...
✓ built in 80ms
[3/5] build rsc environment...
[2Ktransforming...✓ 138 modules transformed.
rendering chunks...
computing gzip size...
✓ built in 276ms
[4/5] build client environment...
[2Ktransforming...✓ 115 modules transformed.
rendering chunks...
computing gzip size...
[plugin builtin:vite-reporter] 
(!) Some chunks are larger than 500 kB after minification. Consider:
- Using dynamic import() to code-split the application
- Use build.rolldownOptions.output.codeSplitting to improve chunking: https://rolldown.rs/reference/OutputOptions.codeSplitting
- Adjust chunk size limit for this warning via build.chunkSizeWarningLimit.
✓ built in 2.46s
[5/5] build ssr environment...
[2Ktransforming...✓ 113 modules transformed.
rendering chunks...
computing gzip size...
✓ built in 159ms
[0m
  Route (app)
  ─ ? /

  ? Unknown

  ? Some routes could not be classified. vinext currently uses static analysis
    and cannot detect dynamic API usage (headers(), cookies(), etc.) at build time.
    Automatic classification will be improved in a future release.

  Build complete. Run `vinext start` to start the production server.

✔ pause and resume retain position and continue the remaining narration queue (2.135583ms)
✔ a new answer or navigation cancels old callbacks and every queued clip (0.386458ms)
✔ a stale play rejection after a quick pause/resume cannot stop resumed audio (0.270209ms)
✔ media errors and autoplay blocks end the queue with a recoverable state (0.333167ms)
✔ a loading clip can remain paused until the user resumes it (0.267083ms)
✔ local progress restores valid steps and preserves legacy completion badges (0.305292ms)
✔ all 515 steps have two stable audible choices with one correct answer and balanced positions (2.657375ms)
✔ a focused UI keeps completed records for chapters currently hidden (0.341334ms)
✔ renders only the Qin–Qing local playtest scope (56.40575ms)
✔ keeps the complete source library and emits a separate focused UI bundle (59.982792ms)
✔ every focused question has two authored pictures, source references and a concrete ending (9.392584ms)
✔ ships a complete local narration pack (382.556958ms)
✔ keeps every active task step in one viewport with a narrated image overlay (0.737458ms)
✔ packages every navigation and step badge used by the child pages (1.394125ms)
✔ keeps existing narration files when synthesis fails (2173.167708ms)
✔ ships two local voice audition profiles before the full narration run (0.913292ms)
✔ the measuring phrase gets its chosen tones without changing the noun 度量衡 (2.416542ms)
✔ the same proportional drag aligns the ruler on phone and desktop boards (0.333292ms)
✔ only the Qin measurement task enables the new workbench and keeps its real artifact (3.683916ms)
✔ the Qin story has departure, discovery and reunion without dropping the artifact (3.120541ms)
ℹ tests 20
ℹ suites 0
ℹ pass 20
ℹ fail 0
ℹ cancelled 0
ℹ skipped 0
ℹ todo 0
ℹ duration_ms 2730.4345

> chronicle-bureau-prototype@0.1.0 lint
> eslint . --ignore-pattern dist --ignore-pattern .next


> chronicle-bureau-prototype@0.1.0 typecheck:app
> tsc --noEmit -p tsconfig.app.json

