
> chronicle-bureau-prototype@0.1.0 check:local
> npm run content:validate:assets && npm test && npm run lint && npm run typecheck:app


> chronicle-bureau-prototype@0.1.0 content:validate:assets
> node scripts/prepare-focused-quests.mjs && node scripts/validate-content.mjs --require-local-assets

逐题学习图：490 个；34章儿童入口与连续故事同步。
内容校验通过：7 个课程板块，共 103 章。
其中：中国史 67 章，世界史 30 章，跨学科 6 章。
已有详稿 103 章，事实研究完成 103 章，最终审核通过 0 章。
事实卡 2684 条，儿童屏幕 657 屏，语音稿 729 段，互动 339 个。
低龄兴趣入口 103 章，均含实物入口与地点连接。
儿童口语词典 80 词，103章均已匹配难词解释。
配音读音表 167 项、年代读法 7 条，103章均有编辑校听入口。
来源登记 995 条，素材登记 978 条，其中已清权本地素材 976 条。
本机研究素材缓存 973/973 个文件，已执行严格路径检查。

> chronicle-bureau-prototype@0.1.0 test
> npm run build && node --experimental-strip-types --test tests/*.test.mjs


> chronicle-bureau-prototype@0.1.0 build
> npm run content:pack && WRANGLER_LOG_PATH=.wrangler/wrangler.log vinext build


> chronicle-bureau-prototype@0.1.0 content:pack
> node scripts/prepare-focused-quests.mjs && node scripts/validate-content.mjs && node scripts/build-content-pack.mjs && node scripts/generate-content-thumbnails.mjs && node scripts/audit-gameplay-coherence.mjs

逐题学习图：490 个；34章儿童入口与连续故事同步。
内容校验通过：7 个课程板块，共 103 章。
其中：中国史 67 章，世界史 30 章，跨学科 6 章。
已有详稿 103 章，事实研究完成 103 章，最终审核通过 0 章。
事实卡 2684 条，儿童屏幕 657 屏，语音稿 729 段，互动 339 个。
低龄兴趣入口 103 章，均含实物入口与地点连接。
儿童口语词典 80 词，103章均已匹配难词解释。
配音读音表 167 项、年代读法 7 条，103章均有编辑校听入口。
来源登记 995 条，素材登记 978 条，其中已清权本地素材 976 条。
本机研究素材缓存 973/973 个文件；发布包构建不强制携带原始研究缓存。
内容包生成完成：7 个板块，103 章。
章节缩略图生成完成：103 张；步骤图片 247 张。
结构审计：完整库103章/515步；本轮34章/170步，322张选项图、5个阅读步骤、8个图中提问、68条结束动作。真实儿童审核仍待进行。

  vinext build  (Vite 8.0.13)

[1/5] analyze client references...
[2Ktransforming...✓ 132 modules transformed.
rendering chunks...
✓ built in 312ms
[2/5] analyze server references...
[2Ktransforming...✓ 112 modules transformed.
rendering chunks...
✓ built in 71ms
[3/5] build rsc environment...
[2Ktransforming...✓ 138 modules transformed.
rendering chunks...
computing gzip size...
✓ built in 231ms
[4/5] build client environment...
[2Ktransforming...✓ 120 modules transformed.
rendering chunks...
computing gzip size...
[plugin builtin:vite-reporter] 
(!) Some chunks are larger than 500 kB after minification. Consider:
- Using dynamic import() to code-split the application
- Use build.rolldownOptions.output.codeSplitting to improve chunking: https://rolldown.rs/reference/OutputOptions.codeSplitting
- Adjust chunk size limit for this warning via build.chunkSizeWarningLimit.
✓ built in 1.76s
[5/5] build ssr environment...
[2Ktransforming...✓ 118 modules transformed.
rendering chunks...
computing gzip size...
✓ built in 151ms
[0m
  Route (app)
  ─ ? /

  ? Unknown

  ? Some routes could not be classified. vinext currently uses static analysis
    and cannot detect dynamic API usage (headers(), cookies(), etc.) at build time.
    Automatic classification will be improved in a future release.

  Build complete. Run `vinext start` to start the production server.

✔ album paging keeps each real photo with its own era, narration and sources (3.043417ms)
✔ the pack rejects an album with missing era or unregistered photo instead of falling back (0.837375ms)
✔ pause and resume retain position and continue the remaining narration queue (1.99125ms)
✔ a new answer or navigation cancels old callbacks and every queued clip (0.378375ms)
✔ a stale play rejection after a quick pause/resume cannot stop resumed audio (0.316416ms)
✔ media errors and autoplay blocks end the queue with a recoverable state (0.303ms)
✔ a loading clip can remain paused until the user resumes it (0.183416ms)
✔ local progress restores valid steps and preserves legacy completion badges (0.188292ms)
✔ all quiz choices are stable and audible while scene questions retain their own structure (2.596375ms)
✔ a focused UI keeps completed records for chapters currently hidden (0.293ms)
✔ renders only the Qin–Qing local playtest scope (52.313167ms)
✔ keeps the complete source library and emits a separate focused UI bundle (47.12175ms)
✔ focused steps retain authored prompts, appropriate interaction structures and concrete endings (7.766958ms)
✔ ships a complete local narration pack (289.967125ms)
✔ keeps narrated image inspection and step badges available in active tasks (0.564833ms)
✔ packages every navigation and step badge used by the child pages (1.192375ms)
✔ keeps existing narration files when synthesis fails (2160.335625ms)
✔ ships two local voice audition profiles before the full narration run (0.766042ms)
✔ every reading page narrates its full story and can advance in one click (0.727542ms)
✔ one-click story continuation does not bypass an unanswered quiz or operation (0.181792ms)
✔ the measuring phrase gets its chosen tones without changing the noun 度量衡 (2.994042ms)
✔ pointer displacement maps proportionally to the ruler model (0.313459ms)
✔ the Qin measurement task keeps its real artifact and ruler workbench (3.882583ms)
✔ the Qin story has departure, discovery and reunion without dropping the artifact (3.12575ms)
✔ the Great Wall task connects wall-joining, finding guards and choosing a lookout plan (3.413083ms)
✔ Han travel and paper chapters connect their own historical evidence and actions (3.139083ms)
✔ Han minting joins a dated policy, real evidence and distinct tool decisions (2.993125ms)
ℹ tests 27
ℹ suites 0
ℹ pass 27
ℹ fail 0
ℹ cancelled 0
ℹ skipped 0
ℹ todo 0
ℹ duration_ms 2605.346125

> chronicle-bureau-prototype@0.1.0 lint
> eslint . --ignore-pattern dist --ignore-pattern .next


> chronicle-bureau-prototype@0.1.0 typecheck:app
> tsc --noEmit -p tsconfig.app.json

