04-01-qin-unification: time/timeline/ > beginning/ruler-pairs/ > journey/tool-pick/ > change/align-rulers/ > takeaway/ruler-pairs/ ✓finish
04-05-qin-great-wall: time/timeline/ > beginning/look-listen/ > journey/slide-fit/ > change/scene-find/find-lookout > change/scene-find/find-gate > takeaway/pick/ ✓finish
04-02-han-governance: time/timeline/ > beginning/look-listen/ > journey/slide-fit/ > change/scene-find/find-mould > change/scene-find/find-balance > takeaway/pick/ ✓finish
04-03-silk-road: time/timeline/ > beginning/look-listen/ > journey/pick/ > change/scene-find/find-food > change/scene-find/find-dispatch > takeaway/pick/ ✓finish
04-04-han-knowledge: time/timeline/ > beginning/look-listen/ > journey/scene-find/find-bark > journey/scene-find/find-net > change/pick/ > takeaway/look-listen/ ✓finish
05-01-division-migration: time/timeline/ > beginning/look-listen/ > journey/scene-find/find-carpenter > journey/scene-find/find-farmer > change/pick/ > takeaway/pick/ ✓finish
05-02-jiangnan-development: time/timeline/ > beginning/look-listen/ > journey/scene-find/find-field > journey/scene-find/find-potter > change/pick/ > takeaway/pick/ ✓finish
05-03-ethnic-interaction: time/timeline/ > beginning/look-listen/ > journey/scene-find/find-explain > journey/scene-find/find-clothes > change/pick/ > takeaway/look-listen/ ✓finish
05-04-science-art: time/timeline/ > beginning/look-listen/ > journey/circle-refine/ > change/pick/ > takeaway/look-listen/ ✓finish
05-05-dunhuang-story: time/timeline/ > beginning/look-listen/ > journey/scene-find/find-rescue > journey/scene-find/find-promise > change/look-listen/ > takeaway/pick/ ✓finish
06-01-sui-unification-canal: time/timeline/ > beginning/look-listen/ > journey/scene-find/find-cargo > journey/scene-find/find-maintenance > change/pick/ > takeaway/look-listen/ ✓finish
06-02-tang-governance: time/timeline/ > beginning/look-listen/ > journey/scene-find/find-name > change/timeline/ > takeaway/look-listen/ ✓finish
06-08-zhenguan-governance: time/timeline/ > beginning/look-listen/ > journey/scene-find/find-speaker > journey/scene-find/find-worker > change/pick/ > takeaway/pick/ ✓finish
06-03-tang-changan: time/timeline/ > beginning/look-listen/ > journey/scene-find/find-musicians > change/pick/ > takeaway/look-listen/ ✓finish
06-04-tang-cultural-exchange: time/timeline/ > beginning/look-listen/ > journey/scene-find/find-explain > journey/scene-find/find-writer > change/pick/ > takeaway/look-listen/ ✓finish
06-06-yan-zhenqing-draft: time/timeline/ > beginning/look-listen/ > journey/scene-find/find-revision > change/look-listen/ > takeaway/pick/ ✓finish
06-07-li-bai-jingyesi: time/timeline/ > beginning/look-listen/ > journey/scene-find/find-look-up > change/pick/ > takeaway/look-listen/ ✓finish
06-05-tang-decline: time/timeline/ > beginning/look-listen/ > journey/scene-find/wall > journey/scene-find/channel > change/pick/ > takeaway/look-listen/ ✓finish
07-01-parallel-regimes: time/timeline/ > beginning/look-listen/ > journey/history-lab/ > change/pick/ > takeaway/look-listen/ ✓finish
07-02-song-economy-cities: time/timeline/ > beginning/look-listen/ > journey/scene-find/boat > journey/scene-find/bridge > change/pick/ > takeaway/look-listen/ ✓finish
07-03-song-inventions: time/timeline/ > beginning/look-listen/ > journey/history-lab/ > change/pick/ > takeaway/look-listen/ ✓finish
07-07-song-compass-navigation: time/timeline/ > beginning/look-listen/ > journey/history-lab/ > change/scene-find/wind > change/scene-find/depth > takeaway/look-listen/ ✓finish
07-08-song-gunpowder-records: time/timeline/ > beginning/look-listen/ > journey/scene-find/old > journey/scene-find/note > change/timeline/ > takeaway/look-listen/ ✓finish
07-06-su-shi-moon: time/timeline/ > beginning/look-listen/ > journey/pick/ > change/scene-find/apart > takeaway/look-listen/ ✓finish
07-04-yuan-unification: time/timeline/ > beginning/look-listen/ > journey/scene-find/site > journey/scene-find/record > change/pick/ > takeaway/look-listen/ ✓finish
07-05-yuan-exchange: time/timeline/ > beginning/look-listen/ > journey/scene-find/credential > journey/scene-find/feed > change/pick/ > takeaway/look-listen/ ✓finish
08-01-ming-governance: time/timeline/ > beginning/look-listen/ > journey/scene-find/draft > journey/scene-find/decide > change/pick/ > takeaway/look-listen/ ✓finish
08-02-zheng-he: time/timeline/ > beginning/look-listen/ > journey/scene-find/supply > journey/scene-find/talk > change/pick/ > takeaway/look-listen/ ✓finish
08-04-economy-knowledge-culture: time/timeline/ > beginning/look-listen/ > journey/scene-find/weave > journey/scene-find/record > change/pick/ > takeaway/look-listen/ ✓finish
08-06-forbidden-city-roof-beasts: time/timeline/ > beginning/look-listen/ > journey/scene-find/rider > journey/scene-find/beasts > change/history-lab/ > takeaway/look-listen/ ✓finish
08-07-journey-west-print: time/timeline/ > beginning/look-listen/ > journey/scene-find/print > journey/scene-find/bind > change/pick/ > takeaway/look-listen/ ✓finish
08-08-xu-xiake-notebook: time/timeline/ > beginning/look-listen/ > journey/scene-find/look > journey/scene-find/note > change/pick/ > takeaway/look-listen/ ✓finish
08-03-frontiers-unity: time/timeline/ > beginning/look-listen/ > journey/scene-find/explain > journey/scene-find/record > change/pick/ > takeaway/look-listen/ ✓finish
08-05-late-crisis: time/timeline/ > beginning/look-listen/ > journey/scene-find/check > journey/scene-find/carry > change/history-lab/ > takeaway/look-listen/ ✓finish

===== 逐章报告 =====
⚠️ 04-01-qin-unification-journey: 身份标签被遮挡(遮挡者:undefined)
⚠️ 04-05-qin-great-wall-beginning: 身份标签被遮挡(遮挡者:undefined)
⚠️ 04-05-qin-great-wall-journey: 身份标签被遮挡(遮挡者:undefined)
⚠️ 04-02-han-governance-beginning: 身份标签被遮挡(遮挡者:undefined)
⚠️ 04-02-han-governance-journey: 身份标签被遮挡(遮挡者:undefined)
⚠️ 04-03-silk-road-beginning: 身份标签被遮挡(遮挡者:undefined)
⚠️ 04-03-silk-road-finish: 身份标签被遮挡(遮挡者:undefined)
⚠️ 04-04-han-knowledge-beginning: 身份标签被遮挡(遮挡者:undefined)
⚠️ 04-04-han-knowledge-takeaway: 身份标签被遮挡(遮挡者:undefined)
⚠️ 04-04-han-knowledge-finish: 身份标签被遮挡(遮挡者:undefined)
⚠️ 05-01-division-migration-beginning: 身份标签被遮挡(遮挡者:undefined)
⚠️ 05-01-division-migration-finish: 身份标签被遮挡(遮挡者:undefined)
⚠️ 05-02-jiangnan-development-beginning: 身份标签被遮挡(遮挡者:undefined)
⚠️ 05-02-jiangnan-development-finish: 身份标签被遮挡(遮挡者:undefined)
⚠️ 05-03-ethnic-interaction-beginning: 身份标签被遮挡(遮挡者:undefined)
⚠️ 05-03-ethnic-interaction-takeaway: 身份标签被遮挡(遮挡者:undefined)
⚠️ 05-03-ethnic-interaction-finish: 身份标签被遮挡(遮挡者:undefined)
⚠️ 05-04-science-art-beginning: 身份标签被遮挡(遮挡者:undefined)
⚠️ 05-04-science-art-takeaway: 身份标签被遮挡(遮挡者:undefined)
⚠️ 05-05-dunhuang-story-beginning: 身份标签被遮挡(遮挡者:undefined)
⚠️ 05-05-dunhuang-story-change: 身份标签被遮挡(遮挡者:undefined)
⚠️ 05-05-dunhuang-story-finish: 身份标签被遮挡(遮挡者:undefined)
⚠️ 06-01-sui-unification-canal-beginning: 身份标签被遮挡(遮挡者:undefined)
⚠️ 06-01-sui-unification-canal-takeaway: 身份标签被遮挡(遮挡者:undefined)
⚠️ 06-01-sui-unification-canal-finish: 身份标签被遮挡(遮挡者:undefined)
⚠️ 06-02-tang-governance-beginning: 身份标签被遮挡(遮挡者:undefined)
⚠️ 06-02-tang-governance-takeaway: 身份标签被遮挡(遮挡者:undefined)
⚠️ 06-02-tang-governance-finish: 身份标签被遮挡(遮挡者:undefined)
⚠️ 06-08-zhenguan-governance-beginning: 身份标签被遮挡(遮挡者:undefined)
⚠️ 06-08-zhenguan-governance-finish: 身份标签被遮挡(遮挡者:undefined)
⚠️ 06-03-tang-changan-beginning: 身份标签被遮挡(遮挡者:undefined)
⚠️ 06-03-tang-changan-takeaway: 身份标签被遮挡(遮挡者:undefined)
⚠️ 06-03-tang-changan-finish: 身份标签被遮挡(遮挡者:undefined)
⚠️ 06-04-tang-cultural-exchange-beginning: 身份标签被遮挡(遮挡者:undefined)
⚠️ 06-04-tang-cultural-exchange-takeaway: 身份标签被遮挡(遮挡者:undefined)
⚠️ 06-04-tang-cultural-exchange-finish: 身份标签被遮挡(遮挡者:undefined)
⚠️ 06-06-yan-zhenqing-draft-beginning: 身份标签被遮挡(遮挡者:undefined)
⚠️ 06-06-yan-zhenqing-draft-finish: 身份标签被遮挡(遮挡者:undefined)
⚠️ 06-07-li-bai-jingyesi-beginning: 身份标签被遮挡(遮挡者:undefined)
⚠️ 06-07-li-bai-jingyesi-takeaway: 身份标签被遮挡(遮挡者:undefined)
⚠️ 06-07-li-bai-jingyesi-finish: 身份标签被遮挡(遮挡者:undefined)
⚠️ 06-05-tang-decline-beginning: 身份标签被遮挡(遮挡者:undefined)
⚠️ 06-05-tang-decline-takeaway: 身份标签被遮挡(遮挡者:undefined)
⚠️ 06-05-tang-decline-finish: 身份标签被遮挡(遮挡者:undefined)
⚠️ 07-01-parallel-regimes-beginning: 身份标签被遮挡(遮挡者:undefined)
⚠️ 07-01-parallel-regimes-takeaway: 身份标签被遮挡(遮挡者:undefined)
⚠️ 07-01-parallel-regimes-finish: 身份标签被遮挡(遮挡者:undefined)
⚠️ 07-02-song-economy-cities-finish: 身份标签被遮挡(遮挡者:undefined)
⚠️ 07-03-song-inventions-beginning: 身份标签被遮挡(遮挡者:undefined)
⚠️ 07-03-song-inventions-takeaway: 身份标签被遮挡(遮挡者:undefined)
⚠️ 07-03-song-inventions-finish: 身份标签被遮挡(遮挡者:undefined)
⚠️ 07-07-song-compass-navigation-beginning: 身份标签被遮挡(遮挡者:undefined)
⚠️ 07-07-song-compass-navigation-takeaway: 身份标签被遮挡(遮挡者:undefined)
⚠️ 07-07-song-compass-navigation-finish: 身份标签被遮挡(遮挡者:undefined)
⚠️ 07-08-song-gunpowder-records-beginning: 身份标签被遮挡(遮挡者:undefined)
⚠️ 07-08-song-gunpowder-records-takeaway: 身份标签被遮挡(遮挡者:undefined)
⚠️ 07-08-song-gunpowder-records-finish: 身份标签被遮挡(遮挡者:undefined)
⚠️ 07-06-su-shi-moon-beginning: 身份标签被遮挡(遮挡者:undefined)
⚠️ 07-06-su-shi-moon-takeaway: 身份标签被遮挡(遮挡者:undefined)
⚠️ 07-06-su-shi-moon-finish: 身份标签被遮挡(遮挡者:undefined)
⚠️ 07-04-yuan-unification-beginning: 身份标签被遮挡(遮挡者:undefined)
⚠️ 07-04-yuan-unification-takeaway: 身份标签被遮挡(遮挡者:undefined)
⚠️ 07-04-yuan-unification-finish: 身份标签被遮挡(遮挡者:undefined)
⚠️ 07-05-yuan-exchange-beginning: 身份标签被遮挡(遮挡者:undefined)
⚠️ 07-05-yuan-exchange-finish: 身份标签被遮挡(遮挡者:undefined)
⚠️ 08-01-ming-governance-beginning: 身份标签被遮挡(遮挡者:undefined)
⚠️ 08-01-ming-governance-takeaway: 身份标签被遮挡(遮挡者:undefined)
⚠️ 08-01-ming-governance-finish: 身份标签被遮挡(遮挡者:undefined)
⚠️ 08-02-zheng-he-beginning: 身份标签被遮挡(遮挡者:undefined)
⚠️ 08-02-zheng-he-finish: 身份标签被遮挡(遮挡者:undefined)
⚠️ 08-04-economy-knowledge-culture-beginning: 身份标签被遮挡(遮挡者:undefined)
⚠️ 08-04-economy-knowledge-culture-takeaway: 身份标签被遮挡(遮挡者:undefined)
⚠️ 08-04-economy-knowledge-culture-finish: 身份标签被遮挡(遮挡者:undefined)
⚠️ 08-06-forbidden-city-roof-beasts-beginning: 身份标签被遮挡(遮挡者:undefined)
⚠️ 08-06-forbidden-city-roof-beasts-takeaway: 身份标签被遮挡(遮挡者:undefined)
⚠️ 08-06-forbidden-city-roof-beasts-finish: 身份标签被遮挡(遮挡者:undefined)
⚠️ 08-07-journey-west-print-beginning: 身份标签被遮挡(遮挡者:undefined)
⚠️ 08-07-journey-west-print-takeaway: 身份标签被遮挡(遮挡者:undefined)
⚠️ 08-07-journey-west-print-finish: 身份标签被遮挡(遮挡者:undefined)
⚠️ 08-08-xu-xiake-notebook-beginning: 身份标签被遮挡(遮挡者:undefined)
⚠️ 08-08-xu-xiake-notebook-takeaway: 身份标签被遮挡(遮挡者:undefined)
⚠️ 08-08-xu-xiake-notebook-finish: 身份标签被遮挡(遮挡者:undefined)
⚠️ 08-03-frontiers-unity-beginning: 身份标签被遮挡(遮挡者:undefined)
⚠️ 08-03-frontiers-unity-takeaway: 身份标签被遮挡(遮挡者:undefined)
⚠️ 08-03-frontiers-unity-finish: 身份标签被遮挡(遮挡者:undefined)
⚠️ 08-05-late-crisis-beginning: 身份标签被遮挡(遮挡者:undefined)
⚠️ 08-05-late-crisis-takeaway: 身份标签被遮挡(遮挡者:undefined)
⚠️ 08-05-late-crisis-finish: 身份标签被遮挡(遮挡者:undefined)

===== 坏响应 =====
500 /

===== 控制台错误(除favicon) =====
Failed to load resource: the server responded with a status of 500 (Internal Server Error)

DONE
